Initialized native services in: /Users/tiago/.gradle/native
Initialized jansi services in: /Users/tiago/.gradle/native
The client will now receive all logging from the daemon (pid: 77604). The daemon log file: /Users/tiago/.gradle/daemon/9.3.0/daemon-77604.out.log
Starting 3rd build in daemon [uptime: 55.867 secs, performance: 99%, GC rate: 0.00/s, heap usage: 0% of 512 MiB, non-heap usage: 19% of 384 MiB]
Using 8 worker leases.
Operational build model parameters: {requiresToolingModels=false, parallelProjectExecution=false, configureOnDemand=false, configurationCache=false, configurationCacheParallelStore=false, configurationCacheParallelLoad=true, isolatedProjects=false, parallelProjectConfiguration=false, intermediateModelCache=false, parallelToolingApiActions=false, invalidateCoupledProjects=false, modelAsProjectDependency=false, resilientModelBuilding=false}
Now considering [/Users/tiago/Trabalho/Coisas/Faculdade/Projetos/ecotrack] as hierarchies to watch
Watching the file system is configured to be enabled if available
File system watching is active
Starting Build
Settings evaluated using settings file '/Users/tiago/Trabalho/Coisas/Faculdade/Projetos/ecotrack/settings.gradle.kts'.
Projects loaded. Root project using build file '/Users/tiago/Trabalho/Coisas/Faculdade/Projetos/ecotrack/build.gradle.kts'.
Included projects: [root project 'ecotrack']

> Configure project :
Evaluating root project 'ecotrack' using build file '/Users/tiago/Trabalho/Coisas/Faculdade/Projetos/ecotrack/build.gradle.kts'.
Resolved plugin [id: 'org.gradle.java']
Resolved plugin [id: 'org.springframework.boot', version: '3.4.2']
Resolved plugin [id: 'io.spring.dependency-management', version: '1.1.7']
Applying dependency management to configuration 'annotationProcessor' in project 'ecotrack'
Applying dependency management to configuration 'apiElements' in project 'ecotrack'
Applying dependency management to configuration 'archives' in project 'ecotrack'
Applying dependency management to configuration 'bootArchives' in project 'ecotrack'
Applying dependency management to configuration 'compileClasspath' in project 'ecotrack'
Applying dependency management to configuration 'compileOnly' in project 'ecotrack'
Applying dependency management to configuration 'default' in project 'ecotrack'
Applying dependency management to configuration 'developmentOnly' in project 'ecotrack'
Applying dependency management to configuration 'implementation' in project 'ecotrack'
Applying dependency management to configuration 'mainSourceElements' in project 'ecotrack'
Applying dependency management to configuration 'productionRuntimeClasspath' in project 'ecotrack'
Applying dependency management to configuration 'runtimeClasspath' in project 'ecotrack'
Applying dependency management to configuration 'runtimeElements' in project 'ecotrack'
Applying dependency management to configuration 'runtimeOnly' in project 'ecotrack'
Applying dependency management to configuration 'testAndDevelopmentOnly' in project 'ecotrack'
Applying dependency management to configuration 'testAnnotationProcessor' in project 'ecotrack'
Applying dependency management to configuration 'testCompileClasspath' in project 'ecotrack'
Applying dependency management to configuration 'testCompileOnly' in project 'ecotrack'
Applying dependency management to configuration 'testImplementation' in project 'ecotrack'
Applying dependency management to configuration 'testResultsElementsForTest' in project 'ecotrack'
Applying dependency management to configuration 'testRuntimeClasspath' in project 'ecotrack'
Applying dependency management to configuration 'testRuntimeOnly' in project 'ecotrack'
All projects evaluated.
Task name matched 'test'
Selected primary task 'test' from project :
Starting process 'command '/usr/libexec/java_home''. Working directory: /Users/tiago/.gradle/daemon/9.3.0 Command: /usr/libexec/java_home -V
Successfully started process 'command '/usr/libexec/java_home''
Resolving global dependency management for project 'ecotrack'
Excluding []
Excluding []
Excluding []
Excluding []
Excluding []
Excluding []
Tasks to be executed: [task ':compileJava', task ':processResources', task ':classes', task ':compileTestJava', task ':processTestResources', task ':testClasses', task ':test']
Tasks that were excluded: []
Resolve mutations for :compileJava (Thread[#381,Execution worker,5,main]) started.
:compileJava (Thread[#381,Execution worker,5,main]) started.

> Task :compileJava UP-TO-DATE
Custom actions are attached to task ':compileJava'.
Caching disabled for task ':compileJava' because:
  Build cache is disabled
Skipping task ':compileJava' as it is up-to-date.
Resolve mutations for :processResources (Thread[#381,Execution worker,5,main]) started.
:processResources (Thread[#381,Execution worker,5,main]) started.

> Task :processResources UP-TO-DATE
Caching disabled for task ':processResources' because:
  Build cache is disabled
  Not worth caching
Skipping task ':processResources' as it is up-to-date.
Resolve mutations for :classes (Thread[#381,Execution worker,5,main]) started.
:classes (Thread[#381,Execution worker,5,main]) started.

> Task :classes UP-TO-DATE
Skipping task ':classes' as it has no actions.
Resolve mutations for :compileTestJava (Thread[#381,Execution worker,5,main]) started.
:compileTestJava (Thread[#381,Execution worker,5,main]) started.

> Task :compileTestJava UP-TO-DATE
Custom actions are attached to task ':compileTestJava'.
Caching disabled for task ':compileTestJava' because:
  Build cache is disabled
Skipping task ':compileTestJava' as it is up-to-date.
Resolve mutations for :processTestResources (Thread[#381,Execution worker,5,main]) started.
:processTestResources (Thread[#381,Execution worker,5,main]) started.

> Task :processTestResources NO-SOURCE
Skipping task ':processTestResources' as it has no source files and no previous output files.
Resolve mutations for :testClasses (Thread[#381,Execution worker,5,main]) started.
:testClasses (Thread[#381,Execution worker,5,main]) started.

> Task :testClasses UP-TO-DATE
Skipping task ':testClasses' as it has no actions.
Resolve mutations for :test (Thread[#381,Execution worker,5,main]) started.
:test (Thread[#385,Execution worker Thread 5,5,main]) started.

> Task :test UP-TO-DATE
Caching disabled for task ':test' because:
  Build cache is disabled
Skipping task ':test' as it is up-to-date.

BUILD SUCCESSFUL in 2s
4 actionable tasks: 4 up-to-date
Watched directory hierarchies: [/Users/tiago/Trabalho/Coisas/Faculdade/Projetos/ecotrack]
Consider enabling configuration cache to speed up this build: https://docs.gradle.org/9.3.0/userguide/configuration_cache_enabling.html
